../Drivers/CMSIS/Include/core_cm4.h:1679:22:__NVIC_EnableIRQ	16	static,ignoring_inline_asm
../Drivers/CMSIS/Include/core_cm4.h:1809:22:__NVIC_SetPriority	16	static
../Core/Src/main.c:18:5:main	16	static
../Core/Src/main.c:44:6:UART2_Init	4	static
../Core/Src/main.c:60:6:UART_SendString	16	static
../Core/Src/main.c:68:6:Button_Init	8	static
../Core/Src/main.c:85:6:EXTI15_10_IRQHandler	24	static,ignoring_inline_asm
../Core/Src/main.c:102:6:WelcomeTask	16	static
../Core/Src/main.c:111:6:ButtonTask	16	static
