14:22:56 **** Incremental Build of configuration Debug for project STM32_SPI_RTOS ****
make -j4 all 
arm-none-eabi-gcc "../Core/Src/main.c" -mcpu=cortex-m4 -std=gnu11 -g3 -DDEBUG -DUSE_HAL_DRIVER -DSTM32L476xx -c -I../Core/Inc -I../Drivers/STM32L4xx_HAL_Driver/Inc -I../Drivers/STM32L4xx_HAL_Driver/Inc/Legacy -I../Drivers/CMSIS/Device/ST/STM32L4xx/Include -I../Drivers/CMSIS/Include -I../Middlewares/Third_Party/FreeRTOS/Source/include -I../Middlewares/Third_Party/FreeRTOS/Source/CMSIS_RTOS_V2 -I../Middlewares/Third_Party/FreeRTOS/Source/portable/GCC/ARM_CM4F -O0 -ffunction-sections -fdata-sections -Wall -fstack-usage -fcyclomatic-complexity -MMD -MP -MF"Core/Src/main.d" -MT"Core/Src/main.o" --specs=nano.specs -mfpu=fpv4-sp-d16 -mfloat-abi=hard -mthumb -o "Core/Src/main.o"
arm-none-eabi-gcc -o "STM32_SPI_RTOS.elf" @"objects.list"   -mcpu=cortex-m4 -T"/home/bhargav/STM32CubeIDE/workspace_1.19.0/STM32_SPI_RTOS/STM32L476RGTX_FLASH.ld" --specs=nosys.specs -Wl,-Map="STM32_SPI_RTOS.map" -Wl,--gc-sections -static --specs=nano.specs -mfpu=fpv4-sp-d16 -mfloat-abi=hard -mthumb -Wl,--start-group -lc -lm -Wl,--end-group
Finished building target: STM32_SPI_RTOS.elf
 
arm-none-eabi-size  STM32_SPI_RTOS.elf 
arm-none-eabi-objdump -h -S STM32_SPI_RTOS.elf  > "STM32_SPI_RTOS.list"
   text	   data	    bss	    dec	    hex	filename
  11804	     16	   7976	  19796	   4d54	STM32_SPI_RTOS.elf
Finished building: default.size.stdout
 
Finished building: STM32_SPI_RTOS.list
 

14:22:56 Build Finished. 0 errors, 0 warnings. (took 472ms)

