Archive member included to satisfy reference by file (symbol)

/opt/st/stm32cubeide_1.19.0/plugins/com.st.stm32cube.ide.mcu.externaltools.gnu-tools-for-stm32.13.3.rel1.linux64_1.0.0.202410170706/tools/bin/../lib/gcc/arm-none-eabi/13.3.1/../../../../arm-none-eabi/lib/thumb/v7e-m+fp/hard/libc_nano.a(libc_a-exit.o)
                              /opt/st/stm32cubeide_1.19.0/plugins/com.st.stm32cube.ide.mcu.externaltools.gnu-tools-for-stm32.13.3.rel1.linux64_1.0.0.202410170706/tools/bin/../lib/gcc/arm-none-eabi/13.3.1/../../../../arm-none-eabi/lib/thumb/v7e-m+fp/hard/crt0.o (exit)
/opt/st/stm32cubeide_1.19.0/plugins/com.st.stm32cube.ide.mcu.externaltools.gnu-tools-for-stm32.13.3.rel1.linux64_1.0.0.202410170706/tools/bin/../lib/gcc/arm-none-eabi/13.3.1/../../../../arm-none-eabi/lib/thumb/v7e-m+fp/hard/libc_nano.a(libc_a-findfp.o)
                              /opt/st/stm32cubeide_1.19.0/plugins/com.st.stm32cube.ide.mcu.externaltools.gnu-tools-for-stm32.13.3.rel1.linux64_1.0.0.202410170706/tools/bin/../lib/gcc/arm-none-eabi/13.3.1/../../../../arm-none-eabi/lib/thumb/v7e-m+fp/hard/libc_nano.a(libc_a-exit.o) (__stdio_exit_handler)
/opt/st/stm32cubeide_1.19.0/plugins/com.st.stm32cube.ide.mcu.externaltools.gnu-tools-for-stm32.13.3.rel1.linux64_1.0.0.202410170706/tools/bin/../lib/gcc/arm-none-eabi/13.3.1/../../../../arm-none-eabi/lib/thumb/v7e-m+fp/hard/libc_nano.a(libc_a-fwalk.o)
                              /opt/st/stm32cubeide_1.19.0/plugins/com.st.stm32cube.ide.mcu.externaltools.gnu-tools-for-stm32.13.3.rel1.linux64_1.0.0.202410170706/tools/bin/../lib/gcc/arm-none-eabi/13.3.1/../../../../arm-none-eabi/lib/thumb/v7e-m+fp/hard/libc_nano.a(libc_a-findfp.o) (_fwalk_sglue)
/opt/st/stm32cubeide_1.19.0/plugins/com.st.stm32cube.ide.mcu.externaltools.gnu-tools-for-stm32.13.3.rel1.linux64_1.0.0.202410170706/tools/bin/../lib/gcc/arm-none-eabi/13.3.1/../../../../arm-none-eabi/lib/thumb/v7e-m+fp/hard/libc_nano.a(libc_a-stdio.o)
                              /opt/st/stm32cubeide_1.19.0/plugins/com.st.stm32cube.ide.mcu.externaltools.gnu-tools-for-stm32.13.3.rel1.linux64_1.0.0.202410170706/tools/bin/../lib/gcc/arm-none-eabi/13.3.1/../../../../arm-none-eabi/lib/thumb/v7e-m+fp/hard/libc_nano.a(libc_a-findfp.o) (__sread)
/opt/st/stm32cubeide_1.19.0/plugins/com.st.stm32cube.ide.mcu.externaltools.gnu-tools-for-stm32.13.3.rel1.linux64_1.0.0.202410170706/tools/bin/../lib/gcc/arm-none-eabi/13.3.1/../../../../arm-none-eabi/lib/thumb/v7e-m+fp/hard/libc_nano.a(libc_a-memset.o)
                              /opt/st/stm32cubeide_1.19.0/plugins/com.st.stm32cube.ide.mcu.externaltools.gnu-tools-for-stm32.13.3.rel1.linux64_1.0.0.202410170706/tools/bin/../lib/gcc/arm-none-eabi/13.3.1/../../../../arm-none-eabi/lib/thumb/v7e-m+fp/hard/crt0.o (memset)
/opt/st/stm32cubeide_1.19.0/plugins/com.st.stm32cube.ide.mcu.externaltools.gnu-tools-for-stm32.13.3.rel1.linux64_1.0.0.202410170706/tools/bin/../lib/gcc/arm-none-eabi/13.3.1/../../../../arm-none-eabi/lib/thumb/v7e-m+fp/hard/libc_nano.a(libc_a-closer.o)
                              /opt/st/stm32cubeide_1.19.0/plugins/com.st.stm32cube.ide.mcu.externaltools.gnu-tools-for-stm32.13.3.rel1.linux64_1.0.0.202410170706/tools/bin/../lib/gcc/arm-none-eabi/13.3.1/../../../../arm-none-eabi/lib/thumb/v7e-m+fp/hard/libc_nano.a(libc_a-stdio.o) (_close_r)
/opt/st/stm32cubeide_1.19.0/plugins/com.st.stm32cube.ide.mcu.externaltools.gnu-tools-for-stm32.13.3.rel1.linux64_1.0.0.202410170706/tools/bin/../lib/gcc/arm-none-eabi/13.3.1/../../../../arm-none-eabi/lib/thumb/v7e-m+fp/hard/libc_nano.a(libc_a-reent.o)
                              /opt/st/stm32cubeide_1.19.0/plugins/com.st.stm32cube.ide.mcu.externaltools.gnu-tools-for-stm32.13.3.rel1.linux64_1.0.0.202410170706/tools/bin/../lib/gcc/arm-none-eabi/13.3.1/../../../../arm-none-eabi/lib/thumb/v7e-m+fp/hard/libc_nano.a(libc_a-closer.o) (errno)
/opt/st/stm32cubeide_1.19.0/plugins/com.st.stm32cube.ide.mcu.externaltools.gnu-tools-for-stm32.13.3.rel1.linux64_1.0.0.202410170706/tools/bin/../lib/gcc/arm-none-eabi/13.3.1/../../../../arm-none-eabi/lib/thumb/v7e-m+fp/hard/libc_nano.a(libc_a-impure.o)
                              /opt/st/stm32cubeide_1.19.0/plugins/com.st.stm32cube.ide.mcu.externaltools.gnu-tools-for-stm32.13.3.rel1.linux64_1.0.0.202410170706/tools/bin/../lib/gcc/arm-none-eabi/13.3.1/../../../../arm-none-eabi/lib/thumb/v7e-m+fp/hard/libc_nano.a(libc_a-reent.o) (_impure_ptr)
/opt/st/stm32cubeide_1.19.0/plugins/com.st.stm32cube.ide.mcu.externaltools.gnu-tools-for-stm32.13.3.rel1.linux64_1.0.0.202410170706/tools/bin/../lib/gcc/arm-none-eabi/13.3.1/../../../../arm-none-eabi/lib/thumb/v7e-m+fp/hard/libc_nano.a(libc_a-lseekr.o)
                              /opt/st/stm32cubeide_1.19.0/plugins/com.st.stm32cube.ide.mcu.externaltools.gnu-tools-for-stm32.13.3.rel1.linux64_1.0.0.202410170706/tools/bin/../lib/gcc/arm-none-eabi/13.3.1/../../../../arm-none-eabi/lib/thumb/v7e-m+fp/hard/libc_nano.a(libc_a-stdio.o) (_lseek_r)
[...]
Memory Configuration

Name             Origin             Length             Attributes
RAM              0x20000000         0x00018000         xrw
RAM2             0x10000000         0x00008000         xrw
FLASH            0x08000000         0x00100000         xr
*default*        0x00000000         0xffffffff

Linker script and memory map

LOAD /opt/st/stm32cubeide_1.19.0/plugins/com.st.stm32cube.ide.mcu.externaltools.gnu-tools-for-stm32.13.3.rel1.linux64_1.0.0.202410170706/tools/bin/../lib/gcc/arm-none-eabi/13.3.1/thumb/v7e-m+fp/hard/crti.o
LOAD /opt/st/stm32cubeide_1.19.0/plugins/com.st.stm32cube.ide.mcu.externaltools.gnu-tools-for-stm32.13.3.rel1.linux64_1.0.0.202410170706/tools/bin/../lib/gcc/arm-none-eabi/13.3.1/thumb/v7e-m+fp/hard/crtbegin.o
LOAD /opt/st/stm32cubeide_1.19.0/plugins/com.st.stm32cube.ide.mcu.externaltools.gnu-tools-for-stm32.13.3.rel1.linux64_1.0.0.202410170706/tools/bin/../lib/gcc/arm-none-eabi/13.3.1/../../../../arm-none-eabi/lib/thumb/v7e-m+fp/hard/crt0.o
LOAD ./Core/Src/main.o
LOAD ./Core/Src/stm32l4xx_hal_msp.o
LOAD ./Core/Src/stm32l4xx_it.o
LOAD ./Core/Src/syscalls.o
LOAD ./Core/Src/sysmem.o
LOAD ./Core/Src/system_stm32l4xx.o
LOAD ./Core/Startup/startup_stm32l476rgtx.o
LOAD ./Drivers/STM32L4xx_HAL_Driver/Src/stm32l4xx_hal.o
LOAD ./Drivers/STM32L4xx_HAL_Driver/Src/stm32l4xx_hal_cortex.o
LOAD ./Drivers/STM32L4xx_HAL_Driver/Src/stm32l4xx_hal_dma.o
LOAD ./Drivers/STM32L4xx_HAL_Driver/Src/stm32l4xx_hal_dma_ex.o
LOAD ./Drivers/STM32L4xx_HAL_Driver/Src/stm32l4xx_hal_exti.o
LOAD ./Drivers/STM32L4xx_HAL_Driver/Src/stm32l4xx_hal_flash.o
LOAD ./Drivers/STM32L4xx_HAL_Driver/Src/stm32l4xx_hal_flash_ex.o
LOAD ./Drivers/STM32L4xx_HAL_Driver/Src/stm32l4xx_hal_flash_ramfunc.o
LOAD ./Drivers/STM32L4xx_HAL_Driver/Src/stm32l4xx_hal_gpio.o
LOAD ./Drivers/STM32L4xx_HAL_Driver/Src/stm32l4xx_hal_i2c.o
LOAD ./Drivers/STM32L4xx_HAL_Driver/Src/stm32l4xx_hal_i2c_ex.o
LOAD ./Drivers/STM32L4xx_HAL_Driver/Src/stm32l4xx_hal_pwr.o
LOAD ./Drivers/STM32L4xx_HAL_Driver/Src/stm32l4xx_hal_pwr_ex.o
LOAD ./Drivers/STM32L4xx_HAL_Driver/Src/stm32l4xx_hal_rcc.o
LOAD ./Drivers/STM32L4xx_HAL_Driver/Src/stm32l4xx_hal_rcc_ex.o
LOAD ./Drivers/STM32L4xx_HAL_Driver/Src/stm32l4xx_hal_spi.o
LOAD ./Drivers/STM32L4xx_HAL_Driver/Src/stm32l4xx_hal_spi_ex.o
START GROUP
LOAD /opt/st/stm32cubeide_1.19.0/plugins/com.st.stm32cube.ide.mcu.externaltools.gnu-tools-for-stm32.13.3.rel1.linux64_1.0.0.202410170706/tools/bin/../lib/gcc/arm-none-eabi/13.3.1/../../../../arm-none-eabi/lib/thumb/v7e-m+fp/hard/libc_nano.a
LOAD /opt/st/stm32cubeide_1.19.0/plugins/com.st.stm32cube.ide.mcu.externaltools.gnu-tools-for-stm32.13.3.rel1.linux64_1.0.0.202410170706/tools/bin/../lib/gcc/arm-none-eabi/13.3.1/../../../../arm-none-eabi/lib/thumb/v7e-m+fp/hard/libm.a
END GROUP
START GROUP
LOAD /opt/st/stm32cubeide_1.19.0/plugins/com.st.stm32cube.ide.mcu.externaltools.gnu-tools-for-stm32.13.3.rel1.linux64_1.0.0.202410170706/tools/bin/../lib/gcc/arm-none-eabi/13.3.1/thumb/v7e-m+fp/hard/libgcc.a
LOAD /opt/st/stm32cubeide_1.19.0/plugins/com.st.stm32cube.ide.mcu.externaltools.gnu-tools-for-stm32.13.3.rel1.linux64_1.0.0.202410170706/tools/bin/../lib/gcc/arm-none-eabi/13.3.1/../../../../arm-none-eabi/lib/thumb/v7e-m+fp/hard/libc_nano.a
END GROUP
START GROUP
LOAD /opt/st/stm32cubeide_1.19.0/plugins/com.st.stm32cube.ide.mcu.externaltools.gnu-tools-for-stm32.13.3.rel1.linux64_1.0.0.202410170706/tools/bin/../lib/gcc/arm-none-eabi/13.3.1/thumb/v7e-m+fp/hard/libgcc.a
LOAD /opt/st/stm32cubeide_1.19.0/plugins/com.st.stm32cube.ide.mcu.externaltools.gnu-tools-for-stm32.13.3.rel1.linux64_1.0.0.202410170706/tools/bin/../lib/gcc/arm-none-eabi/13.3.1/../../../../arm-none-eabi/lib/thumb/v7e-m+fp/hard/libc_nano.a
LOAD /opt/st/stm32cubeide_1.19.0/plugins/com.st.stm32cube.ide.mcu.externaltools.gnu-tools-for-stm32.13.3.rel1.linux64_1.0.0.202410170706/tools/bin/../lib/gcc/arm-none-eabi/13.3.1/../../../../arm-none-eabi/lib/thumb/v7e-m+fp/hard/libnosys.a
END GROUP
START GROUP
LOAD /opt/st/stm32cubeide_1.19.0/plugins/com.st.stm32cube.ide.mcu.externaltools.gnu-tools-for-stm32.13.3.rel1.linux64_1.0.0.202410170706/tools/bin/../lib/gcc/arm-none-eabi/13.3.1/thumb/v7e-m+fp/hard/libgcc.a
LOAD /opt/st/stm32cubeide_1.19.0/plugins/com.st.stm32cube.ide.mcu.externaltools.gnu-tools-for-stm32.13.3.rel1.linux64_1.0.0.202410170706/tools/bin/../lib/gcc/arm-none-eabi/13.3.1/../../../../arm-none-eabi/lib/thumb/v7e-m+fp/hard/libc_nano.a
LOAD /opt/st/stm32cubeide_1.19.0/plugins/com.st.stm32cube.ide.mcu.externaltools.gnu-tools-for-stm32.13.3.rel1.linux64_1.0.0.202410170706/tools/bin/../lib/gcc/arm-none-eabi/13.3.1/../../../../arm-none-eabi/lib/thumb/v7e-m+fp/hard/libnosys.a
END GROUP
LOAD /opt/st/stm32cubeide_1.19.0/plugins/com.st.stm32cube.ide.mcu.externaltools.gnu-tools-for-stm32.13.3.rel1.linux64_1.0.0.202410170706/tools/bin/../lib/gcc/arm-none-eabi/13.3.1/thumb/v7e-m+fp/hard/crtend.o
LOAD /opt/st/stm32cubeide_1.19.0/plugins/com.st.stm32cube.ide.mcu.externaltools.gnu-tools-for-stm32.13.3.rel1.linux64_1.0.0.202410170706/tools/bin/../lib/gcc/arm-none-eabi/13.3.1/thumb/v7e-m+fp/hard/crtn.o
                0x20018000                        _estack = (ORIGIN (RAM) + LENGTH (RAM))
                0x00000200                        _Min_Heap_Size = 0x200
                0x00000400                        _Min_Stack_Size = 0x400

.isr_vector     0x08000000      0x188
                0x08000000                        . = ALIGN (0x4)
 *(.isr_vector)
 .isr_vector    0x08000000      0x188 ./Core/Startup/startup_stm32l476rgtx.o
                0x08000000                g_pfnVectors
                0x08000188                        . = ALIGN (0x4)

.text           0x08000188     0x11f0
                0x08000188                        . = ALIGN (0x4)
 *(.text)
 .text          0x08000188       0x40 /opt/st/stm32cubeide_1.19.0/plugins/com.st.stm32cube.ide.mcu.externaltools.gnu-tools-for-stm32.13.3.rel1.linux64_1.0.0.202410170706/tools/bin/../lib/gcc/arm-none-eabi/13.3.1/thumb/v7e-m+fp/hard/crtbegin.o
 *(.text*)
 .text.main     0x080001c8       0x44 ./Core/Src/main.o
                0x080001c8                main
 .text.SPI1_Init
                0x0800020c       0xcc ./Core/Src/main.o
                0x0800020c                SPI1_Init
 .text.HAL_MspInit
                0x080002d8       0x48 ./Core/Src/stm32l4xx_hal_msp.o
                0x080002d8                HAL_MspInit
 .text.HAL_SPI_MspInit
                0x08000320       0x84 ./Core/Src/stm32l4xx_hal_msp.o
                0x08000320                HAL_SPI_MspInit
 .text.NMI_Handler
                0x080003a4        0x8 ./Core/Src/stm32l4xx_it.o
                0x080003a4                NMI_Handler
 .text.HardFault_Handler
                0x080003ac        0x8 ./Core/Src/stm32l4xx_it.o
                0x080003ac                HardFault_Handler
 .text.MemManage_Handler
                0x080003b4        0x8 ./Core/Src/stm32l4xx_it.o
                0x080003b4                MemManage_Handler
 .text.BusFault_Handler
                0x080003bc        0x8 ./Core/Src/stm32l4xx_it.o
                0x080003bc                BusFault_Handler
 .text.UsageFault_Handler
                0x080003c4        0x8 ./Core/Src/stm32l4xx_it.o
                0x080003c4                UsageFault_Handler
 .text.SVC_Handler
                0x080003cc        0xe ./Core/Src/stm32l4xx_it.o
                0x080003cc                SVC_Handler
 .text.DebugMon_Handler
                0x080003da        0xe ./Core/Src/stm32l4xx_it.o
                0x080003da                DebugMon_Handler
 .text.PendSV_Handler
                0x080003e8        0xe ./Core/Src/stm32l4xx_it.o
                0x080003e8                PendSV_Handler
 .text.SysTick_Handler
                0x080003f6        0xc ./Core/Src/stm32l4xx_it.o
                0x080003f6                SysTick_Handler
 *fill*         0x08000402        0x2 
 .text.SystemInit
                0x08000404       0x24 ./Core/Src/system_stm32l4xx.o
                0x08000404                SystemInit
 .text.Reset_Handler
                0x08000428       0x50 ./Core/Startup/startup_stm32l476rgtx.o
                0x08000428                Reset_Handler
 .text.Default_Handler
                0x08000478        0x2 ./Core/Startup/startup_stm32l476rgtx.o
                0x08000478                RTC_Alarm_IRQHandler
                0x08000478                EXTI2_IRQHandler
                0x08000478                TIM8_TRG_COM_IRQHandler
                0x08000478                TIM8_CC_IRQHandler
                0x08000478                TIM1_CC_IRQHandler
                0x08000478                TSC_IRQHandler
                0x08000478                TAMP_STAMP_IRQHandler
                0x08000478                EXTI3_IRQHandler
                0x08000478                LPTIM2_IRQHandler
                0x08000478                DFSDM1_FLT1_IRQHandler
                0x08000478                I2C3_ER_IRQHandler
                0x08000478                DFSDM1_FLT2_IRQHandler
                0x08000478                EXTI0_IRQHandler
                0x08000478                I2C2_EV_IRQHandler
                0x08000478                CAN1_RX0_IRQHandler
                0x08000478                FPU_IRQHandler
                0x08000478                TIM1_UP_TIM16_IRQHandler
                0x08000478                ADC1_2_IRQHandler
                0x08000478                SPI1_IRQHandler
                0x08000478                TIM6_DAC_IRQHandler
                0x08000478                TIM8_UP_IRQHandler
                0x08000478                DMA2_Channel2_IRQHandler
                0x08000478                DMA1_Channel4_IRQHandler
                0x08000478                SAI2_IRQHandler
                0x08000478                DFSDM1_FLT3_IRQHandler
                0x08000478                USART3_IRQHandler
                0x08000478                DMA1_Channel7_IRQHandler
                0x08000478                CAN1_RX1_IRQHandler
                0x08000478                LCD_IRQHandler
                0x08000478                UART5_IRQHandler
                0x08000478                ADC3_IRQHandler
                0x08000478                TIM4_IRQHandler
                0x08000478                DMA2_Channel1_IRQHandler
                0x08000478                QUADSPI_IRQHandler
                0x08000478                I2C1_EV_IRQHandler
                0x08000478                DMA1_Channel6_IRQHandler
                0x08000478                UART4_IRQHandler
                0x08000478                DMA2_Channel4_IRQHandler
                0x08000478                TIM3_IRQHandler
                0x08000478                RCC_IRQHandler
                0x08000478                DMA1_Channel1_IRQHandler
                0x08000478                Default_Handler
                0x08000478                DMA2_Channel7_IRQHandler
                0x08000478                EXTI15_10_IRQHandler
                0x08000478                TIM7_IRQHandler
                0x08000478                SDMMC1_IRQHandler
                0x08000478                TIM5_IRQHandler
                0x08000478                I2C3_EV_IRQHandler
                0x08000478                EXTI9_5_IRQHandler
                0x08000478                RTC_WKUP_IRQHandler
                0x08000478                PVD_PVM_IRQHandler
                0x08000478                SPI2_IRQHandler
                0x08000478                CAN1_TX_IRQHandler
                0x08000478                DMA2_Channel5_IRQHandler
                0x08000478                DMA1_Channel5_IRQHandler
                0x08000478                EXTI4_IRQHandler
                0x08000478                RNG_IRQHandler
                0x08000478                TIM1_TRG_COM_TIM17_IRQHandler
                0x08000478                DMA1_Channel3_IRQHandler
                0x08000478                COMP_IRQHandler
                0x08000478                WWDG_IRQHandler
                0x08000478                LPUART1_IRQHandler
                0x08000478                DMA2_Channel6_IRQHandler
                0x08000478                TIM2_IRQHandler
                0x08000478                EXTI1_IRQHandler
                0x08000478                USART2_IRQHandler
                0x08000478                DFSDM1_FLT0_IRQHandler
                0x08000478                I2C2_ER_IRQHandler
                0x08000478                DMA1_Channel2_IRQHandler
                0x08000478                TIM8_BRK_IRQHandler
                0x08000478                CAN1_SCE_IRQHandler
                0x08000478                FLASH_IRQHandler
                0x08000478                USART1_IRQHandler
                0x08000478                OTG_FS_IRQHandler
                0x08000478                SPI3_IRQHandler
                0x08000478                I2C1_ER_IRQHandler
                0x08000478                FMC_IRQHandler
                0x08000478                SWPMI1_IRQHandler
                0x08000478                LPTIM1_IRQHandler
                0x08000478                SAI1_IRQHandler
                0x08000478                DMA2_Channel3_IRQHandler
                0x08000478                TIM1_BRK_TIM15_IRQHandler
 .text.HAL_Init
                0x0800047a       0x30 ./Drivers/STM32L4xx_HAL_Driver/Src/stm32l4xx_hal.o
                0x0800047a                HAL_Init
 *fill*         0x080004aa        0x2 
 .text.HAL_InitTick
                0x080004ac       0x78 ./Drivers/STM32L4xx_HAL_Driver/Src/stm32l4xx_hal.o
                0x080004ac                HAL_InitTick
 .text.HAL_IncTick
                0x08000524       0x28 ./Drivers/STM32L4xx_HAL_Driver/Src/stm32l4xx_hal.o
                0x08000524                HAL_IncTick
 .text.HAL_GetTick
                0x0800054c       0x18 ./Drivers/STM32L4xx_HAL_Driver/Src/stm32l4xx_hal.o
                0x0800054c                HAL_GetTick
 .text.HAL_Delay
                0x08000564       0x48 ./Drivers/STM32L4xx_HAL_Driver/Src/stm32l4xx_hal.o
                0x08000564                HAL_Delay
 .text.__NVIC_SetPriorityGrouping
                0x080005ac       0x48 ./Drivers/STM32L4xx_HAL_Driver/Src/stm32l4xx_hal_cortex.o
 .text.__NVIC_GetPriorityGrouping
                0x080005f4       0x1c ./Drivers/STM32L4xx_HAL_Driver/Src/stm32l4xx_hal_cortex.o
 .text.__NVIC_SetPriority
                0x08000610       0x54 ./Drivers/STM32L4xx_HAL_Driver/Src/stm32l4xx_hal_cortex.o
 .text.NVIC_EncodePriority
                0x08000664       0x66 ./Drivers/STM32L4xx_HAL_Driver/Src/stm32l4xx_hal_cortex.o
 *fill*         0x080006ca        0x2 
 .text.SysTick_Config
                0x080006cc       0x44 ./Drivers/STM32L4xx_HAL_Driver/Src/stm32l4xx_hal_cortex.o
 .text.HAL_NVIC_SetPriorityGrouping
                0x08000710       0x16 ./Drivers/STM32L4xx_HAL_Driver/Src/stm32l4xx_hal_cortex.o
                0x08000710                HAL_NVIC_SetPriorityGrouping
 .text.HAL_NVIC_SetPriority
                0x08000726       0x38 ./Drivers/STM32L4xx_HAL_Driver/Src/stm32l4xx_hal_cortex.o
                0x08000726                HAL_NVIC_SetPriority
 .text.HAL_SYSTICK_Config
                0x0800075e       0x18 ./Drivers/STM32L4xx_HAL_Driver/Src/stm32l4xx_hal_cortex.o
                0x0800075e                HAL_SYSTICK_Config
 *fill*         0x08000776        0x2 
 .text.HAL_GPIO_Init
                0x08000778      0x354 ./Drivers/STM32L4xx_HAL_Driver/Src/stm32l4xx_hal_gpio.o
                0x08000778                HAL_GPIO_Init
 .text.HAL_SPI_Init
                0x08000acc      0x146 ./Drivers/STM32L4xx_HAL_Driver/Src/stm32l4xx_hal_spi.o
                0x08000acc                HAL_SPI_Init
 .text.HAL_SPI_TransmitReceive
                0x08000c12      0x43e ./Drivers/STM32L4xx_HAL_Driver/Src/stm32l4xx_hal_spi.o
                0x08000c12                HAL_SPI_TransmitReceive
 .text.SPI_WaitFlagStateUntilTimeout
                0x08001050      0x110 ./Drivers/STM32L4xx_HAL_Driver/Src/stm32l4xx_hal_spi.o
 .text.SPI_WaitFifoStateUntilTimeout
                0x08001160      0x12c ./Drivers/STM32L4xx_HAL_Driver/Src/stm32l4xx_hal_spi.o
 .text.SPI_EndRxTxTransaction
                0x0800128c       0x8c ./Drivers/STM32L4xx_HAL_Driver/Src/stm32l4xx_hal_spi.o
 .text.__libc_init_array
                0x08001318       0x48 /opt/st/stm32cubeide_1.19.0/plugins/com.st.stm32cube.ide.mcu.externaltools.gnu-tools-for-stm32.13.3.rel1.linux64_1.0.0.202410170706/tools/bin/../lib/gcc/arm-none-eabi/13.3.1/../../../../arm-none-eabi/lib/thumb/v7e-m+fp/hard/libc_nano.a(libc_a-init.o)
                0x08001318                __libc_init_array
 *(.glue_7)
 .glue_7        0x08001360        0x0 linker stubs
 *(.glue_7t)
 .glue_7t       0x08001360        0x0 linker stubs
 *(.eh_frame)
 .eh_frame      0x08001360        0x0 /opt/st/stm32cubeide_1.19.0/plugins/com.st.stm32cube.ide.mcu.externaltools.gnu-tools-for-stm32.13.3.rel1.linux64_1.0.0.202410170706/tools/bin/../lib/gcc/arm-none-eabi/13.3.1/thumb/v7e-m+fp/hard/crtbegin.o
 *(.init)
 .init          0x08001360        0x4 /opt/st/stm32cubeide_1.19.0/plugins/com.st.stm32cube.ide.mcu.externaltools.gnu-tools-for-stm32.13.3.rel1.linux64_1.0.0.202410170706/tools/bin/../lib/gcc/arm-none-eabi/13.3.1/thumb/v7e-m+fp/hard/crti.o
                0x08001360                _init
 .init          0x08001364        0x8 /opt/st/stm32cubeide_1.19.0/plugins/com.st.stm32cube.ide.mcu.externaltools.gnu-tools-for-stm32.13.3.rel1.linux64_1.0.0.202410170706/tools/bin/../lib/gcc/arm-none-eabi/13.3.1/thumb/v7e-m+fp/hard/crtn.o
 *(.fini)
 .fini          0x0800136c        0x4 /opt/st/stm32cubeide_1.19.0/plugins/com.st.stm32cube.ide.mcu.externaltools.gnu-tools-for-stm32.13.3.rel1.linux64_1.0.0.202410170706/tools/bin/../lib/gcc/arm-none-eabi/13.3.1/thumb/v7e-m+fp/hard/crti.o
                0x0800136c                _fini
 .fini          0x08001370        0x8 /opt/st/stm32cubeide_1.19.0/plugins/com.st.stm32cube.ide.mcu.externaltools.gnu-tools-for-stm32.13.3.rel1.linux64_1.0.0.202410170706/tools/bin/../lib/gcc/arm-none-eabi/13.3.1/thumb/v7e-m+fp/hard/crtn.o
                0x08001378                        . = ALIGN (0x4)
                0x08001378                        _etext = .

.vfp11_veneer   0x08001378        0x0
 .vfp11_veneer  0x08001378        0x0 linker stubs

.v4_bx          0x08001378        0x0
 .v4_bx         0x08001378        0x0 linker stubs

.iplt           0x08001378        0x0
 .iplt          0x08001378        0x0 /opt/st/stm32cubeide_1.19.0/plugins/com.st.stm32cube.ide.mcu.externaltools.gnu-tools-for-stm32.13.3.rel1.linux64_1.0.0.202410170706/tools/bin/../lib/gcc/arm-none-eabi/13.3.1/thumb/v7e-m+fp/hard/crtbegin.o

.rodata         0x08001378        0x0
                0x08001378                        . = ALIGN (0x4)
 *(.rodata)
 *(.rodata*)
                0x08001378                        . = ALIGN (0x4)

.ARM.extab      0x08001378        0x0
                0x08001378                        . = ALIGN (0x4)
 *(.ARM.extab* .gnu.linkonce.armextab.*)
                0x08001378                        . = ALIGN (0x4)

.ARM            0x08001378        0x0
                0x08001378                        . = ALIGN (0x4)
                0x08001378                        __exidx_start = .
 *(.ARM.exidx*)
                0x08001378                        __exidx_end = .
                0x08001378                        . = ALIGN (0x4)

.preinit_array  0x08001378        0x0
                0x08001378                        . = ALIGN (0x4)
                0x08001378                        PROVIDE (__preinit_array_start = .)
 *(.preinit_array*)
                0x08001378                        PROVIDE (__preinit_array_end = .)
                0x08001378                        . = ALIGN (0x4)

.init_array     0x08001378        0x4
                0x08001378                        . = ALIGN (0x4)
                0x08001378                        PROVIDE (__init_array_start = .)
 *(SORT_BY_NAME(.init_array.*))
 *(.init_array*)
 .init_array    0x08001378        0x4 /opt/st/stm32cubeide_1.19.0/plugins/com.st.stm32cube.ide.mcu.externaltools.gnu-tools-for-stm32.13.3.rel1.linux64_1.0.0.202410170706/tools/bin/../lib/gcc/arm-none-eabi/13.3.1/thumb/v7e-m+fp/hard/crtbegin.o
                0x0800137c                        PROVIDE (__init_array_end = .)
                0x0800137c                        . = ALIGN (0x4)

.fini_array     0x0800137c        0x4
                0x0800137c                        . = ALIGN (0x4)
                [!provide]                        PROVIDE (__fini_array_start = .)
 *(SORT_BY_NAME(.fini_array.*))
 *(.fini_array*)
 .fini_array    0x0800137c        0x4 /opt/st/stm32cubeide_1.19.0/plugins/com.st.stm32cube.ide.mcu.externaltools.gnu-tools-for-stm32.13.3.rel1.linux64_1.0.0.202410170706/tools/bin/../lib/gcc/arm-none-eabi/13.3.1/thumb/v7e-m+fp/hard/crtbegin.o
                [!provide]                        PROVIDE (__fini_array_end = .)
                0x08001380                        . = ALIGN (0x4)
                0x08001380                        _sidata = LOADADDR (.data)

.rel.dyn        0x08001380        0x0
 .rel.iplt      0x08001380        0x0 /opt/st/stm32cubeide_1.19.0/plugins/com.st.stm32cube.ide.mcu.externaltools.gnu-tools-for-stm32.13.3.rel1.linux64_1.0.0.202410170706/tools/bin/../lib/gcc/arm-none-eabi/13.3.1/thumb/v7e-m+fp/hard/crtbegin.o

.data           0x20000000       0x10 load address 0x08001380
                0x20000000                        . = ALIGN (0x4)
                0x20000000                        _sdata = .
 *(.data)
 *(.data*)
 .data.txData   0x20000000        0x1 ./Core/Src/main.o
                0x20000000                txData
 *fill*         0x20000001        0x3 
 .data.SystemCoreClock
                0x20000004        0x4 ./Core/Src/system_stm32l4xx.o
                0x20000004                SystemCoreClock
 .data.uwTickPrio
                0x20000008        0x4 ./Drivers/STM32L4xx_HAL_Driver/Src/stm32l4xx_hal.o
                0x20000008                uwTickPrio
 .data.uwTickFreq
                0x2000000c        0x1 ./Drivers/STM32L4xx_HAL_Driver/Src/stm32l4xx_hal.o
                0x2000000c                uwTickFreq
 *(.RamFunc)
 *(.RamFunc*)
                0x20000010                        . = ALIGN (0x4)
 *fill*         0x2000000d        0x3 
                0x20000010                        _edata = .

.igot.plt       0x20000010        0x0 load address 0x08001390
 .igot.plt      0x20000010        0x0 /opt/st/stm32cubeide_1.19.0/plugins/com.st.stm32cube.ide.mcu.externaltools.gnu-tools-for-stm32.13.3.rel1.linux64_1.0.0.202410170706/tools/bin/../lib/gcc/arm-none-eabi/13.3.1/thumb/v7e-m+fp/hard/crtbegin.o
                0x20000010                        . = ALIGN (0x4)

.bss            0x20000010       0x88 load address 0x08001390
                0x20000010                        _sbss = .
                0x20000010                        __bss_start__ = _sbss
 *(.bss)
 .bss           0x20000010       0x1c /opt/st/stm32cubeide_1.19.0/plugins/com.st.stm32cube.ide.mcu.externaltools.gnu-tools-for-stm32.13.3.rel1.linux64_1.0.0.202410170706/tools/bin/../lib/gcc/arm-none-eabi/13.3.1/thumb/v7e-m+fp/hard/crtbegin.o
 *(.bss*)
 .bss.hspi1     0x2000002c       0x64 ./Core/Src/main.o
                0x2000002c                hspi1
 .bss.rxData    0x20000090        0x1 ./Core/Src/main.o
                0x20000090                rxData
 *fill*         0x20000091        0x3 
 .bss.uwTick    0x20000094        0x4 ./Drivers/STM32L4xx_HAL_Driver/Src/stm32l4xx_hal.o
                0x20000094                uwTick
 *(COMMON)
                0x20000098                        . = ALIGN (0x4)
                0x20000098                        _ebss = .
                0x20000098                        __bss_end__ = _ebss

._user_heap_stack
                0x20000098      0x600 load address 0x08001390
                0x20000098                        . = ALIGN (0x8)
                [!provide]                        PROVIDE (end = .)
                0x20000098                        PROVIDE (_end = .)
                0x20000298                        . = (. + _Min_Heap_Size)
 *fill*         0x20000098      0x200 
                0x20000698                        . = (. + _Min_Stack_Size)
 *fill*         0x20000298      0x400 
                0x20000698                        . = ALIGN (0x8)

/DISCARD/
 libc.a(*)
 libm.a(*)
 libgcc.a(*)

.ARM.attributes
                0x00000000       0x30
 *(.ARM.attributes)
 .ARM.attributes
                0x00000000       0x22 /opt/st/stm32cubeide_1.19.0/plugins/com.st.stm32cube.ide.mcu.externaltools.gnu-tools-for-stm32.13.3.rel1.linux64_1.0.0.202410170706/tools/bin/../lib/gcc/arm-none-eabi/13.3.1/thumb/v7e-m+fp/hard/crti.o
 .ARM.attributes
                0x00000022       0x34 /opt/st/stm32cubeide_1.19.0/plugins/com.st.stm32cube.ide.mcu.externaltools.gnu-tools-for-stm32.13.3.rel1.linux64_1.0.0.202410170706/tools/bin/../lib/gcc/arm-none-eabi/13.3.1/thumb/v7e-m+fp/hard/crtbegin.o
 .ARM.attributes
                0x00000056       0x34 ./Core/Src/main.o
 .ARM.attributes
                0x0000008a       0x34 ./Core/Src/stm32l4xx_hal_msp.o
 .ARM.attributes
                0x000000be       0x34 ./Core/Src/stm32l4xx_it.o
 .ARM.attributes
                0x000000f2       0x34 ./Core/Src/system_stm32l4xx.o
 .ARM.attributes
                0x00000126       0x21 ./Core/Startup/startup_stm32l476rgtx.o
 .ARM.attributes
                0x00000147       0x34 ./Drivers/STM32L4xx_HAL_Driver/Src/stm32l4xx_hal.o
 .ARM.attributes
                0x0000017b       0x34 ./Drivers/STM32L4xx_HAL_Driver/Src/stm32l4xx_hal_cortex.o
 .ARM.attributes
                0x000001af       0x34 ./Drivers/STM32L4xx_HAL_Driver/Src/stm32l4xx_hal_gpio.o
 .ARM.attributes
                0x000001e3       0x34 ./Drivers/STM32L4xx_HAL_Driver/Src/stm32l4xx_hal_spi.o
 .ARM.attributes
                0x00000217       0x34 /opt/st/stm32cubeide_1.19.0/plugins/com.st.stm32cube.ide.mcu.externaltools.gnu-tools-for-stm32.13.3.rel1.linux64_1.0.0.202410170706/tools/bin/../lib/gcc/arm-none-eabi/13.3.1/../../../../arm-none-eabi/lib/thumb/v7e-m+fp/hard/libc_nano.a(libc_a-init.o)
 .ARM.attributes
                0x0000024b       0x22 /opt/st/stm32cubeide_1.19.0/plugins/com.st.stm32cube.ide.mcu.externaltools.gnu-tools-for-stm32.13.3.rel1.linux64_1.0.0.202410170706/tools/bin/../lib/gcc/arm-none-eabi/13.3.1/thumb/v7e-m+fp/hard/crtn.o
OUTPUT(STM32_HAL_SPI.elf elf32-littlearm)
LOAD linker stubs
LOAD /opt/st/stm32cubeide_1.19.0/plugins/com.st.stm32cube.ide.mcu.externaltools.gnu-tools-for-stm32.13.3.rel1.linux64_1.0.0.202410170706/tools/bin/../lib/gcc/arm-none-eabi/13.3.1/../../../../arm-none-eabi/lib/thumb/v7e-m+fp/hard/libc.a
LOAD /opt/st/stm32cubeide_1.19.0/plugins/com.st.stm32cube.ide.mcu.externaltools.gnu-tools-for-stm32.13.3.rel1.linux64_1.0.0.202410170706/tools/bin/../lib/gcc/arm-none-eabi/13.3.1/../../../../arm-none-eabi/lib/thumb/v7e-m+fp/hard/libm.a
LOAD /opt/st/stm32cubeide_1.19.0/plugins/com.st.stm32cube.ide.mcu.externaltools.gnu-tools-for-stm32.13.3.rel1.linux64_1.0.0.202410170706/tools/bin/../lib/gcc/arm-none-eabi/13.3.1/thumb/v7e-m+fp/hard/libgcc.a

.debug_info     0x00000000     0x50b1
 .debug_info    0x00000000      0x9dd ./Core/Src/main.o
 .debug_info    0x000009dd      0x980 ./Core/Src/stm32l4xx_hal_msp.o
 .debug_info    0x0000135d      0x157 ./Core/Src/stm32l4xx_it.o
 .debug_info    0x000014b4      0x5e2 ./Core/Src/system_stm32l4xx.o
 .debug_info    0x00001a96       0x30 ./Core/Startup/startup_stm32l476rgtx.o
 .debug_info    0x00001ac6      0xb2d ./Drivers/STM32L4xx_HAL_Driver/Src/stm32l4xx_hal.o
 .debug_info    0x000025f3      0xdad ./Drivers/STM32L4xx_HAL_Driver/Src/stm32l4xx_hal_cortex.o
 .debug_info    0x000033a0      0x79f ./Drivers/STM32L4xx_HAL_Driver/Src/stm32l4xx_hal_gpio.o
 .debug_info    0x00003b3f     0x1572 ./Drivers/STM32L4xx_HAL_Driver/Src/stm32l4xx_hal_spi.o

.debug_abbrev   0x00000000      0xf38
 .debug_abbrev  0x00000000      0x1f3 ./Core/Src/main.o
 .debug_abbrev  0x000001f3      0x1ac ./Core/Src/stm32l4xx_hal_msp.o
 .debug_abbrev  0x0000039f       0xac ./Core/Src/stm32l4xx_it.o
 .debug_abbrev  0x0000044b      0x117 ./Core/Src/system_stm32l4xx.o
 .debug_abbrev  0x00000562       0x24 ./Core/Startup/startup_stm32l476rgtx.o
 .debug_abbrev  0x00000586      0x243 ./Drivers/STM32L4xx_HAL_Driver/Src/stm32l4xx_hal.o
 .debug_abbrev  0x000007c9      0x31c ./Drivers/STM32L4xx_HAL_Driver/Src/stm32l4xx_hal_cortex.o
 .debug_abbrev  0x00000ae5      0x1d1 ./Drivers/STM32L4xx_HAL_Driver/Src/stm32l4xx_hal_gpio.o
 .debug_abbrev  0x00000cb6      0x282 ./Drivers/STM32L4xx_HAL_Driver/Src/stm32l4xx_hal_spi.o

.debug_aranges  0x00000000      0x598
 .debug_aranges
                0x00000000       0x30 ./Core/Src/main.o
 .debug_aranges
                0x00000030       0x30 ./Core/Src/stm32l4xx_hal_msp.o
 .debug_aranges
                0x00000060       0x60 ./Core/Src/stm32l4xx_it.o
 .debug_aranges
                0x000000c0       0x28 ./Core/Src/system_stm32l4xx.o
 .debug_aranges
                0x000000e8       0x28 ./Core/Startup/startup_stm32l476rgtx.o
 .debug_aranges
                0x00000110      0x130 ./Drivers/STM32L4xx_HAL_Driver/Src/stm32l4xx_hal.o
 .debug_aranges
                0x00000240      0x128 ./Drivers/STM32L4xx_HAL_Driver/Src/stm32l4xx_hal_cortex.o
 .debug_aranges
                0x00000368       0x58 ./Drivers/STM32L4xx_HAL_Driver/Src/stm32l4xx_hal_gpio.o
 .debug_aranges
                0x000003c0      0x1d8 ./Drivers/STM32L4xx_HAL_Driver/Src/stm32l4xx_hal_spi.o

.debug_rnglists
                0x00000000      0x426
 .debug_rnglists
                0x00000000       0x20 ./Core/Src/main.o
 .debug_rnglists
                0x00000020       0x20 ./Core/Src/stm32l4xx_hal_msp.o
 .debug_rnglists
                0x00000040       0x43 ./Core/Src/stm32l4xx_it.o
 .debug_rnglists
                0x00000083       0x1a ./Core/Src/system_stm32l4xx.o
 .debug_rnglists
                0x0000009d       0x19 ./Core/Startup/startup_stm32l476rgtx.o
 .debug_rnglists
                0x000000b6       0xdf ./Drivers/STM32L4xx_HAL_Driver/Src/stm32l4xx_hal.o
 .debug_rnglists
                0x00000195       0xda ./Drivers/STM32L4xx_HAL_Driver/Src/stm32l4xx_hal_cortex.o
 .debug_rnglists
                0x0000026f       0x3f ./Drivers/STM32L4xx_HAL_Driver/Src/stm32l4xx_hal_gpio.o
 .debug_rnglists
                0x000002ae      0x178 ./Drivers/STM32L4xx_HAL_Driver/Src/stm32l4xx_hal_spi.o

.debug_macro    0x00000000    0x2469a
 .debug_macro   0x00000000      0x1bc ./Core/Src/main.o
 .debug_macro   0x000001bc      0xad8 ./Core/Src/main.o
 .debug_macro   0x00000c94      0x1a1 ./Core/Src/main.o
 .debug_macro   0x00000e35       0x2e ./Core/Src/main.o
 .debug_macro   0x00000e63       0x28 ./Core/Src/main.o
 .debug_macro   0x00000e8b       0x22 ./Core/Src/main.o
 .debug_macro   0x00000ead       0x8e ./Core/Src/main.o
 .debug_macro   0x00000f3b       0x51 ./Core/Src/main.o
 .debug_macro   0x00000f8c      0x103 ./Core/Src/main.o
 .debug_macro   0x0000108f       0x6a ./Core/Src/main.o
 .debug_macro   0x000010f9      0x1df ./Core/Src/main.o
 .debug_macro   0x000012d8       0x1c ./Core/Src/main.o
 .debug_macro   0x000012f4       0x22 ./Core/Src/main.o
 .debug_macro   0x00001316       0xfb ./Core/Src/main.o
 .debug_macro   0x00001411     0x1011 ./Core/Src/main.o
 .debug_macro   0x00002422      0x11f ./Core/Src/main.o
 .debug_macro   0x00002541    0x1a192 ./Core/Src/main.o
 .debug_macro   0x0001c6d3       0x6d ./Core/Src/main.o
 .debug_macro   0x0001c740     0x38fb ./Core/Src/main.o
 .debug_macro   0x0002003b      0x190 ./Core/Src/main.o
 .debug_macro   0x000201cb       0x5c ./Core/Src/main.o
 .debug_macro   0x00020227     0x159e ./Core/Src/main.o
 .debug_macro   0x000217c5      0x5a5 ./Core/Src/main.o
 .debug_macro   0x00021d6a      0x1b9 ./Core/Src/main.o
 .debug_macro   0x00021f23      0x18b ./Core/Src/main.o
 .debug_macro   0x000220ae      0x2c4 ./Core/Src/main.o
 .debug_macro   0x00022372      0x27a ./Core/Src/main.o
 .debug_macro   0x000225ec      0x23d ./Core/Src/main.o
 .debug_macro   0x00022829      0x241 ./Core/Src/main.o
 .debug_macro   0x00022a6a      0x37c ./Core/Src/main.o
 .debug_macro   0x00022de6       0xd6 ./Core/Src/main.o
 .debug_macro   0x00022ebc      0x122 ./Core/Src/main.o
 .debug_macro   0x00022fde      0x3ef ./Core/Src/main.o
 .debug_macro   0x000233cd      0x2fe ./Core/Src/main.o
 .debug_macro   0x000236cb      0x330 ./Core/Src/main.o
 .debug_macro   0x000239fb      0x1c6 ./Core/Src/stm32l4xx_hal_msp.o
 .debug_macro   0x00023bc1      0x1d0 ./Core/Src/stm32l4xx_it.o
 .debug_macro   0x00023d91      0x1bc ./Core/Src/system_stm32l4xx.o
 .debug_macro   0x00023f4d      0x20a ./Drivers/STM32L4xx_HAL_Driver/Src/stm32l4xx_hal.o
 .debug_macro   0x00024157      0x1bc ./Drivers/STM32L4xx_HAL_Driver/Src/stm32l4xx_hal_cortex.o
 .debug_macro   0x00024313      0x1c3 ./Drivers/STM32L4xx_HAL_Driver/Src/stm32l4xx_hal_gpio.o
 .debug_macro   0x000244d6      0x1c4 ./Drivers/STM32L4xx_HAL_Driver/Src/stm32l4xx_hal_spi.o

.debug_line     0x00000000     0x5cca
 .debug_line    0x00000000      0x6c6 ./Core/Src/main.o
 .debug_line    0x000006c6      0x6bc ./Core/Src/stm32l4xx_hal_msp.o
 .debug_line    0x00000d82      0x71e ./Core/Src/stm32l4xx_it.o
 .debug_line    0x000014a0      0x70d ./Core/Src/system_stm32l4xx.o
 .debug_line    0x00001bad       0x7a ./Core/Startup/startup_stm32l476rgtx.o
 .debug_line    0x00001c27      0xa75 ./Drivers/STM32L4xx_HAL_Driver/Src/stm32l4xx_hal.o
 .debug_line    0x0000269c      0xc10 ./Drivers/STM32L4xx_HAL_Driver/Src/stm32l4xx_hal_cortex.o
 .debug_line    0x000032ac      0xac9 ./Drivers/STM32L4xx_HAL_Driver/Src/stm32l4xx_hal_gpio.o
 .debug_line    0x00003d75     0x1f55 ./Drivers/STM32L4xx_HAL_Driver/Src/stm32l4xx_hal_spi.o

.debug_str      0x00000000    0xe1768
 .debug_str     0x00000000    0xe1768 ./Core/Src/main.o
                              0xe02bc (size before relaxing)
 .debug_str     0x000e1768    0xe0275 ./Core/Src/stm32l4xx_hal_msp.o
 .debug_str     0x000e1768    0xdfd20 ./Core/Src/stm32l4xx_it.o
 .debug_str     0x000e1768    0xdfe9c ./Core/Src/system_stm32l4xx.o
 .debug_str     0x000e1768       0x84 ./Core/Startup/startup_stm32l476rgtx.o
 .debug_str     0x000e1768    0xe0a44 ./Drivers/STM32L4xx_HAL_Driver/Src/stm32l4xx_hal.o
 .debug_str     0x000e1768    0xe0715 ./Drivers/STM32L4xx_HAL_Driver/Src/stm32l4xx_hal_cortex.o
 .debug_str     0x000e1768    0xe0027 ./Drivers/STM32L4xx_HAL_Driver/Src/stm32l4xx_hal_gpio.o
 .debug_str     0x000e1768    0xe06b7 ./Drivers/STM32L4xx_HAL_Driver/Src/stm32l4xx_hal_spi.o

.comment        0x00000000       0x43
 .comment       0x00000000       0x43 ./Core/Src/main.o
                                 0x44 (size before relaxing)
 .comment       0x00000043       0x44 ./Core/Src/stm32l4xx_hal_msp.o
 .comment       0x00000043       0x44 ./Core/Src/stm32l4xx_it.o
 .comment       0x00000043       0x44 ./Core/Src/system_stm32l4xx.o
 .comment       0x00000043       0x44 ./Drivers/STM32L4xx_HAL_Driver/Src/stm32l4xx_hal.o
 .comment       0x00000043       0x44 ./Drivers/STM32L4xx_HAL_Driver/Src/stm32l4xx_hal_cortex.o
 .comment       0x00000043       0x44 ./Drivers/STM32L4xx_HAL_Driver/Src/stm32l4xx_hal_gpio.o
 .comment       0x00000043       0x44 ./Drivers/STM32L4xx_HAL_Driver/Src/stm32l4xx_hal_spi.o

.debug_frame    0x00000000     0x15a0
 .debug_frame   0x00000000       0x6c ./Core/Src/main.o
 .debug_frame   0x0000006c       0x80 ./Core/Src/stm32l4xx_hal_msp.o
 .debug_frame   0x000000ec      0x104 ./Core/Src/stm32l4xx_it.o
 .debug_frame   0x000001f0       0x58 ./Core/Src/system_stm32l4xx.o
 .debug_frame   0x00000248      0x498 ./Drivers/STM32L4xx_HAL_Driver/Src/stm32l4xx_hal.o
 .debug_frame   0x000006e0      0x4e8 ./Drivers/STM32L4xx_HAL_Driver/Src/stm32l4xx_hal_cortex.o
 .debug_frame   0x00000bc8      0x14c ./Drivers/STM32L4xx_HAL_Driver/Src/stm32l4xx_hal_gpio.o
 .debug_frame   0x00000d14      0x860 ./Drivers/STM32L4xx_HAL_Driver/Src/stm32l4xx_hal_spi.o
 .debug_frame   0x00001574       0x2c /opt/st/stm32cubeide_1.19.0/plugins/com.st.stm32cube.ide.mcu.externaltools.gnu-tools-for-stm32.13.3.rel1.linux64_1.0.0.202410170706/tools/bin/../lib/gcc/arm-none-eabi/13.3.1/../../../../arm-none-eabi/lib/thumb/v7e-m+fp/hard/libc_nano.a(libc_a-init.o)

.debug_line_str
                0x00000000       0x68
 .debug_line_str
                0x00000000       0x68 ./Core/Startup/startup_stm32l476rgtx.o
